// Jest Snapshot v1, https://goo.gl/fbAQLP

exports[`CustomButton matches snapshot 1`] = `
<View
  accessibilityState={
    {
      "busy": undefined,
      "checked": undefined,
      "disabled": undefined,
      "expanded": undefined,
      "selected": undefined,
    }
  }
  accessibilityValue={
    {
      "max": undefined,
      "min": undefined,
      "now": undefined,
      "text": undefined,
    }
  }
  accessible={true}
  collapsable={false}
  focusable={true}
  onBlur={[Function]}
  onClick={[Function]}
  onFocus={[Function]}
  onResponderGrant={[Function]}
  onResponderMove={[Function]}
  onResponderRelease={[Function]}
  onResponderTerminate={[Function]}
  onResponderTerminationRequest={[Function]}
  onStartShouldSetResponder={[Function]}
  style={
    [
      {
        "opacity": 1,
      },
      undefined,
    ]
  }
  testID="custom-button"
>
  <BVLinearGradient
    colors={
      [
        4284704497,
        4280468830,
      ]
    }
    endPoint={
      {
        "x": 1,
        "y": 0,
      }
    }
    locations={null}
    startPoint={
      {
        "x": 0,
        "y": 0,
      }
    }
    style={
      {
        "alignItems": "center",
        "borderRadius": 12,
        "paddingVertical": 12,
      }
    }
  >
    <Text
      style={
        [
          {
            "color": "#fff",
          },
          {
            "fontSize": 20,
            "fontWeight": "700",
          },
        ]
      }
    >
      Snapshot
    </Text>
  </BVLinearGradient>
</View>
`;
