// Jest Snapshot v1, https://goo.gl/fbAQLP

exports[`Chat screen renders 1`] = `
<View
  style={
    {
      "alignItems": "center",
      "flex": 1,
      "justifyContent": "center",
      "paddingBottom": 80,
    }
  }
>
  <LottieView
    autoPlay={true}
    loop={true}
    source={
      {
        "assets": [],
        "ddd": 0,
        "fr": 30,
        "h": 500,
        "ip": 0,
        "layers": [
          {
            "ao": 0,
            "bm": 0,
            "ddd": 0,
            "hasMask": false,
            "hd": false,
            "ind": 1,
            "ip": 0,
            "ks": {
              "a": {
                "a": 0,
                "k": [
                  296.7807312011719,
                  203.94780899534595,
                ],
              },
              "o": {
                "a": 0,
                "k": 100,
              },
              "p": {
                "a": 1,
                "k": [
                  {
                    "i": {
                      "x": 0.833,
                      "y": 0.833,
                    },
                    "o": {
                      "x": 0.167,
                      "y": 0.167,
                    },
                    "s": [
                      297,
                      204,
                    ],
                    "t": 1,
                  },
                  {
                    "i": {
                      "x": 0.833,
                      "y": 0.833,
                    },
                    "o": {
                      "x": 0.167,
                      "y": 0.167,
                    },
                    "s": [
                      302,
                      229,
                    ],
                    "t": 7,
                  },
                  {
                    "i": {
                      "x": 0.833,
                      "y": 0.833,
                    },
                    "o": {
                      "x": 0.167,
                      "y": 0.167,
                    },
                    "s": [
                      297,
                      204,
                    ],
                    "t": 13,
                  },
                  {
                    "i": {
                      "x": 0.833,
                      "y": 0.833,
                    },
                    "o": {
                      "x": 0.167,
                      "y": 0.167,
                    },
                    "s": [
                      302,
                      229,
                    ],
                    "t": 18,
                  },
                  {
                    "i": {
                      "x": 0.833,
                      "y": 0.833,
                    },
                    "o": {
                      "x": 0.167,
                      "y": 0.167,
                    },
                    "s": [
                      297,
                      204,
                    ],
                    "t": 24,
                  },
                  {
                    "i": {
                      "x": 0.833,
                      "y": 0.833,
                    },
                    "o": {
                      "x": 0.167,
                      "y": 0.167,
                    },
                    "s": [
                      302,
                      229,
                    ],
                    "t": 31,
                  },
                  {
                    "i": {
                      "x": 0.833,
                      "y": 0.833,
                    },
                    "o": {
                      "x": 0.167,
                      "y": 0.167,
                    },
                    "s": [
                      297,
                      204,
                    ],
                    "t": 37,
                  },
                  {
                    "i": {
                      "x": 0.833,
                      "y": 0.833,
                    },
                    "o": {
                      "x": 0.167,
                      "y": 0.167,
                    },
                    "s": [
                      302,
                      229,
                    ],
                    "t": 42,
                  },
                  {
                    "s": [
                      297,
                      204,
                    ],
                    "t": 48,
                  },
                ],
              },
              "r": {
                "a": 0,
                "k": 0,
              },
              "s": {
                "a": 0,
                "k": [
                  100,
                  100,
                ],
              },
              "sa": {
                "a": 0,
                "k": 0,
              },
              "sk": {
                "a": 0,
                "k": 0,
              },
            },
            "nm": "Mouth",
            "op": 120,
            "shapes": [
              {
                "bm": 0,
                "hd": false,
                "it": [
                  {
                    "bm": 0,
                    "d": 1,
                    "hd": false,
                    "ks": {
                      "a": 0,
                      "k": {
                        "c": false,
                        "i": [
                          [
                            0,
                            0,
                          ],
                          [
                            0.10251023535801096,
                            17.984465189670516,
                          ],
                        ],
                        "o": [
                          [
                            1.2891965192479802,
                            16.436386889603227,
                          ],
                          [
                            -0.10251023535801096,
                            -17.984465189670516,
                          ],
                        ],
                        "v": [
                          [
                            286.58009383662954,
                            197.96825846510905,
                          ],
                          [
                            306.92229443953386,
                            197.01265457617862,
                          ],
                        ],
                      },
                    },
                    "nm": "PATH Shape Path 7",
                    "ty": "sh",
                  },
                  {
                    "bm": 0,
                    "c": {
                      "a": 0,
                      "k": [
                        0.7804,
                        0.7804,
                        0.7804,
                      ],
                    },
                    "hd": false,
                    "nm": "Fill",
                    "o": {
                      "a": 0,
                      "k": 0,
                    },
                    "r": 2,
                    "ty": "fl",
                  },
                  {
                    "bm": 0,
                    "c": {
                      "a": 0,
                      "k": [
                        0,
                        0,
                        0,
                      ],
                    },
                    "hd": false,
                    "lc": 2,
                    "lj": 2,
                    "ml": 1,
                    "nm": "Stroke",
                    "o": {
                      "a": 0,
                      "k": 100,
                    },
                    "ty": "st",
                    "w": {
                      "a": 0,
                      "k": 3,
                    },
                  },
                  {
                    "a": {
                      "a": 0,
                      "k": [
                        296.7807312011719,
                        203.99472045898438,
                      ],
                    },
                    "o": {
                      "a": 0,
                      "k": 100,
                    },
                    "p": {
                      "a": 0,
                      "k": [
                        296.7807312011719,
                        203.99472045898438,
                      ],
                    },
                    "r": {
                      "a": 0,
                      "k": 0,
                    },
                    "s": {
                      "a": 0,
                      "k": [
                        100,
                        100,
                      ],
                    },
                    "sa": {
                      "a": 0,
                      "k": 0,
                    },
                    "sk": {
                      "a": 0,
                      "k": 0,
                    },
                    "ty": "tr",
                  },
                ],
                "nm": "Group",
                "ty": "gr",
              },
            ],
            "sr": 1,
            "st": 0,
            "ty": 4,
          },
          {
            "ao": 0,
            "bm": 0,
            "ddd": 0,
            "hasMask": false,
            "hd": false,
            "ind": 2,
            "ip": 0,
            "ks": {
              "a": {
                "a": 0,
                "k": [
                  0,
                  0,
                ],
              },
              "o": {
                "a": 0,
                "k": 100,
              },
              "p": {
                "a": 1,
                "k": [
                  {
                    "i": {
                      "x": 0.833,
                      "y": 0.833,
                    },
                    "o": {
                      "x": 0.167,
                      "y": 0.167,
                    },
                    "s": [
                      324,
                      162,
                    ],
                    "t": 1,
                  },
                  {
                    "i": {
                      "x": 0.833,
                      "y": 0.833,
                    },
                    "o": {
                      "x": 0.167,
                      "y": 0.167,
                    },
                    "s": [
                      331,
                      193,
                    ],
                    "t": 8,
                  },
                  {
                    "i": {
                      "x": 0.833,
                      "y": 0.833,
                    },
                    "o": {
                      "x": 0.167,
                      "y": 0.167,
                    },
                    "s": [
                      324,
                      162,
                    ],
                    "t": 14,
                  },
                  {
                    "i": {
                      "x": 0.833,
                      "y": 0.833,
                    },
                    "o": {
                      "x": 0.167,
                      "y": 0.167,
                    },
                    "s": [
                      331,
                      193,
                    ],
                    "t": 19,
                  },
                  {
                    "i": {
                      "x": 0.833,
                      "y": 0.833,
                    },
                    "o": {
                      "x": 0.167,
                      "y": 0.167,
                    },
                    "s": [
                      324,
                      162,
                    ],
                    "t": 25,
                  },
                  {
                    "i": {
                      "x": 0.833,
                      "y": 0.833,
                    },
                    "o": {
                      "x": 0.167,
                      "y": 0.167,
                    },
                    "s": [
                      331,
                      193,
                    ],
                    "t": 32,
                  },
                  {
                    "i": {
                      "x": 0.833,
                      "y": 0.833,
                    },
                    "o": {
                      "x": 0.167,
                      "y": 0.167,
                    },
                    "s": [
                      324,
                      162,
                    ],
                    "t": 38,
                  },
                  {
                    "i": {
                      "x": 0.833,
                      "y": 0.833,
                    },
                    "o": {
                      "x": 0.167,
                      "y": 0.167,
                    },
                    "s": [
                      331,
                      193,
                    ],
                    "t": 43,
                  },
                  {
                    "s": [
                      324,
                      162,
                    ],
                    "t": 49,
                  },
                ],
              },
              "r": {
                "a": 0,
                "k": 0,
              },
              "s": {
                "a": 0,
                "k": [
                  19.38567314258274,
                  23.74055858385872,
                ],
              },
              "sa": {
                "a": 0,
                "k": 0,
              },
              "sk": {
                "a": 0,
                "k": 0,
              },
            },
            "nm": "pupil2",
            "op": 48,
            "shapes": [
              {
                "bm": 0,
                "hd": false,
                "it": [
                  {
                    "bm": 0,
                    "d": 1,
                    "hd": false,
                    "nm": "Ellipse Path 6",
                    "p": {
                      "a": 0,
                      "k": [
                        0,
                        0,
                      ],
                    },
                    "s": {
                      "a": 0,
                      "k": [
                        100,
                        100,
                      ],
                    },
                    "ty": "el",
                  },
                  {
                    "bm": 0,
                    "c": {
                      "a": 0,
                      "k": [
                        0,
                        0,
                        0,
                      ],
                    },
                    "hd": false,
                    "nm": "Fill",
                    "o": {
                      "a": 0,
                      "k": 100,
                    },
                    "r": 2,
                    "ty": "fl",
                  },
                  {
                    "a": {
                      "a": 0,
                      "k": [
                        0,
                        0,
                      ],
                    },
                    "o": {
                      "a": 0,
                      "k": 100,
                    },
                    "p": {
                      "a": 0,
                      "k": [
                        0,
                        0,
                      ],
                    },
                    "r": {
                      "a": 0,
                      "k": 0,
                    },
                    "s": {
                      "a": 0,
                      "k": [
                        100,
                        100,
                      ],
                    },
                    "sa": {
                      "a": 0,
                      "k": 0,
                    },
                    "sk": {
                      "a": 0,
                      "k": 0,
                    },
                    "ty": "tr",
                  },
                ],
                "nm": "Group",
                "ty": "gr",
              },
            ],
            "sr": 1,
            "st": 0,
            "ty": 4,
          },
          {
            "ao": 0,
            "bm": 0,
            "ddd": 0,
            "hasMask": false,
            "hd": false,
            "ind": 3,
            "ip": 0,
            "ks": {
              "a": {
                "a": 0,
                "k": [
                  0,
                  0,
                ],
              },
              "o": {
                "a": 0,
                "k": 100,
              },
              "p": {
                "a": 1,
                "k": [
                  {
                    "i": {
                      "x": 0.833,
                      "y": 0.833,
                    },
                    "o": {
                      "x": 0.167,
                      "y": 0.167,
                    },
                    "s": [
                      315,
                      163,
                    ],
                    "t": 1,
                  },
                  {
                    "i": {
                      "x": 0.833,
                      "y": 0.833,
                    },
                    "o": {
                      "x": 0.167,
                      "y": 0.167,
                    },
                    "s": [
                      322,
                      194,
                    ],
                    "t": 8,
                  },
                  {
                    "i": {
                      "x": 0.833,
                      "y": 0.833,
                    },
                    "o": {
                      "x": 0.167,
                      "y": 0.167,
                    },
                    "s": [
                      315,
                      163,
                    ],
                    "t": 14,
                  },
                  {
                    "i": {
                      "x": 0.833,
                      "y": 0.833,
                    },
                    "o": {
                      "x": 0.167,
                      "y": 0.167,
                    },
                    "s": [
                      322,
                      194,
                    ],
                    "t": 19,
                  },
                  {
                    "i": {
                      "x": 0.833,
                      "y": 0.833,
                    },
                    "o": {
                      "x": 0.167,
                      "y": 0.167,
                    },
                    "s": [
                      315,
                      163,
                    ],
                    "t": 25,
                  },
                  {
                    "i": {
                      "x": 0.833,
                      "y": 0.833,
                    },
                    "o": {
                      "x": 0.167,
                      "y": 0.167,
                    },
                    "s": [
                      322,
                      194,
                    ],
                    "t": 32,
                  },
                  {
                    "i": {
                      "x": 0.833,
                      "y": 0.833,
                    },
                    "o": {
                      "x": 0.167,
                      "y": 0.167,
                    },
                    "s": [
                      315,
                      163,
                    ],
                    "t": 38,
                  },
                  {
                    "i": {
                      "x": 0.833,
                      "y": 0.833,
                    },
                    "o": {
                      "x": 0.167,
                      "y": 0.167,
                    },
                    "s": [
                      322,
                      194,
                    ],
                    "t": 43,
                  },
                  {
                    "s": [
                      315,
                      163,
                    ],
                    "t": 49,
                  },
                ],
              },
              "r": {
                "a": 0,
                "k": 0,
              },
              "s": {
                "a": 0,
                "k": [
                  44.3551104533274,
                  44.3551104533274,
                ],
              },
              "sa": {
                "a": 0,
                "k": 0,
              },
              "sk": {
                "a": 0,
                "k": 0,
              },
            },
            "nm": "Eye2",
            "op": 48,
            "shapes": [
              {
                "bm": 0,
                "hd": false,
                "it": [
                  {
                    "bm": 0,
                    "d": 1,
                    "hd": false,
                    "nm": "Ellipse Path 6",
                    "p": {
                      "a": 0,
                      "k": [
                        0,
                        0,
                      ],
                    },
                    "s": {
                      "a": 0,
                      "k": [
                        100,
                        100,
                      ],
                    },
                    "ty": "el",
                  },
                  {
                    "bm": 0,
                    "c": {
                      "a": 0,
                      "k": [
                        1,
                        1,
                        1,
                      ],
                    },
                    "hd": false,
                    "nm": "Fill",
                    "o": {
                      "a": 0,
                      "k": 100,
                    },
                    "r": 2,
                    "ty": "fl",
                  },
                  {
                    "a": {
                      "a": 0,
                      "k": [
                        1.1368683772161603e-13,
                        0,
                      ],
                    },
                    "o": {
                      "a": 0,
                      "k": 100,
                    },
                    "p": {
                      "a": 0,
                      "k": [
                        1.1368683772161603e-13,
                        0,
                      ],
                    },
                    "r": {
                      "a": 0,
                      "k": 0,
                    },
                    "s": {
                      "a": 0,
                      "k": [
                        100,
                        100,
                      ],
                    },
                    "sa": {
                      "a": 0,
                      "k": 0,
                    },
                    "sk": {
                      "a": 0,
                      "k": 0,
                    },
                    "ty": "tr",
                  },
                ],
                "nm": "Group",
                "ty": "gr",
              },
            ],
            "sr": 1,
            "st": 0,
            "ty": 4,
          },
          {
            "ao": 0,
            "bm": 0,
            "ddd": 0,
            "hasMask": false,
            "hd": false,
            "ind": 4,
            "ip": 0,
            "ks": {
              "a": {
                "a": 0,
                "k": [
                  0,
                  0,
                ],
              },
              "o": {
                "a": 0,
                "k": 100,
              },
              "p": {
                "a": 1,
                "k": [
                  {
                    "i": {
                      "x": 0.833,
                      "y": 0.833,
                    },
                    "o": {
                      "x": 0.167,
                      "y": 0.167,
                    },
                    "s": [
                      282,
                      162,
                    ],
                    "t": 1,
                  },
                  {
                    "i": {
                      "x": 0.833,
                      "y": 0.833,
                    },
                    "o": {
                      "x": 0.167,
                      "y": 0.167,
                    },
                    "s": [
                      289,
                      193,
                    ],
                    "t": 8,
                  },
                  {
                    "i": {
                      "x": 0.833,
                      "y": 0.833,
                    },
                    "o": {
                      "x": 0.167,
                      "y": 0.167,
                    },
                    "s": [
                      282,
                      162,
                    ],
                    "t": 14,
                  },
                  {
                    "i": {
                      "x": 0.833,
                      "y": 0.833,
                    },
                    "o": {
                      "x": 0.167,
                      "y": 0.167,
                    },
                    "s": [
                      289,
                      193,
                    ],
                    "t": 19,
                  },
                  {
                    "i": {
                      "x": 0.833,
                      "y": 0.833,
                    },
                    "o": {
                      "x": 0.167,
                      "y": 0.167,
                    },
                    "s": [
                      282,
                      162,
                    ],
                    "t": 25,
                  },
                  {
                    "i": {
                      "x": 0.833,
                      "y": 0.833,
                    },
                    "o": {
                      "x": 0.167,
                      "y": 0.167,
                    },
                    "s": [
                      289,
                      193,
                    ],
                    "t": 32,
                  },
                  {
                    "i": {
                      "x": 0.833,
                      "y": 0.833,
                    },
                    "o": {
                      "x": 0.167,
                      "y": 0.167,
                    },
                    "s": [
                      282,
                      162,
                    ],
                    "t": 38,
                  },
                  {
                    "i": {
                      "x": 0.833,
                      "y": 0.833,
                    },
                    "o": {
                      "x": 0.167,
                      "y": 0.167,
                    },
                    "s": [
                      289,
                      193,
                    ],
                    "t": 43,
                  },
                  {
                    "s": [
                      282,
                      162,
                    ],
                    "t": 49,
                  },
                ],
              },
              "r": {
                "a": 0,
                "k": 0,
              },
              "s": {
                "a": 0,
                "k": [
                  19.38567314258274,
                  23.74055858385872,
                ],
              },
              "sa": {
                "a": 0,
                "k": 0,
              },
              "sk": {
                "a": 0,
                "k": 0,
              },
            },
            "nm": "pupil1",
            "op": 48,
            "shapes": [
              {
                "bm": 0,
                "hd": false,
                "it": [
                  {
                    "bm": 0,
                    "d": 1,
                    "hd": false,
                    "nm": "Ellipse Path 6",
                    "p": {
                      "a": 0,
                      "k": [
                        0,
                        0,
                      ],
                    },
                    "s": {
                      "a": 0,
                      "k": [
                        100,
                        100,
                      ],
                    },
                    "ty": "el",
                  },
                  {
                    "bm": 0,
                    "c": {
                      "a": 0,
                      "k": [
                        0,
                        0,
                        0,
                      ],
                    },
                    "hd": false,
                    "nm": "Fill",
                    "o": {
                      "a": 0,
                      "k": 100,
                    },
                    "r": 2,
                    "ty": "fl",
                  },
                  {
                    "a": {
                      "a": 0,
                      "k": [
                        0,
                        0,
                      ],
                    },
                    "o": {
                      "a": 0,
                      "k": 100,
                    },
                    "p": {
                      "a": 0,
                      "k": [
                        0,
                        0,
                      ],
                    },
                    "r": {
                      "a": 0,
                      "k": 0,
                    },
                    "s": {
                      "a": 0,
                      "k": [
                        100,
                        100,
                      ],
                    },
                    "sa": {
                      "a": 0,
                      "k": 0,
                    },
                    "sk": {
                      "a": 0,
                      "k": 0,
                    },
                    "ty": "tr",
                  },
                ],
                "nm": "Group",
                "ty": "gr",
              },
            ],
            "sr": 1,
            "st": 0,
            "ty": 4,
          },
          {
            "ao": 0,
            "bm": 0,
            "ddd": 0,
            "hasMask": false,
            "hd": false,
            "ind": 5,
            "ip": 0,
            "ks": {
              "a": {
                "a": 0,
                "k": [
                  0,
                  0,
                ],
              },
              "o": {
                "a": 0,
                "k": 100,
              },
              "p": {
                "a": 1,
                "k": [
                  {
                    "i": {
                      "x": 0.833,
                      "y": 0.833,
                    },
                    "o": {
                      "x": 0.167,
                      "y": 0.167,
                    },
                    "s": [
                      273,
                      163,
                    ],
                    "t": 1,
                  },
                  {
                    "i": {
                      "x": 0.833,
                      "y": 0.833,
                    },
                    "o": {
                      "x": 0.167,
                      "y": 0.167,
                    },
                    "s": [
                      280,
                      194,
                    ],
                    "t": 8,
                  },
                  {
                    "i": {
                      "x": 0.833,
                      "y": 0.833,
                    },
                    "o": {
                      "x": 0.167,
                      "y": 0.167,
                    },
                    "s": [
                      273,
                      163,
                    ],
                    "t": 14,
                  },
                  {
                    "i": {
                      "x": 0.833,
                      "y": 0.833,
                    },
                    "o": {
                      "x": 0.167,
                      "y": 0.167,
                    },
                    "s": [
                      280,
                      194,
                    ],
                    "t": 19,
                  },
                  {
                    "i": {
                      "x": 0.833,
                      "y": 0.833,
                    },
                    "o": {
                      "x": 0.167,
                      "y": 0.167,
                    },
                    "s": [
                      273,
                      163,
                    ],
                    "t": 25,
                  },
                  {
                    "i": {
                      "x": 0.833,
                      "y": 0.833,
                    },
                    "o": {
                      "x": 0.167,
                      "y": 0.167,
                    },
                    "s": [
                      280,
                      194,
                    ],
                    "t": 32,
                  },
                  {
                    "i": {
                      "x": 0.833,
                      "y": 0.833,
                    },
                    "o": {
                      "x": 0.167,
                      "y": 0.167,
                    },
                    "s": [
                      273,
                      163,
                    ],
                    "t": 38,
                  },
                  {
                    "i": {
                      "x": 0.833,
                      "y": 0.833,
                    },
                    "o": {
                      "x": 0.167,
                      "y": 0.167,
                    },
                    "s": [
                      280,
                      194,
                    ],
                    "t": 43,
                  },
                  {
                    "s": [
                      273,
                      163,
                    ],
                    "t": 49,
                  },
                ],
              },
              "r": {
                "a": 0,
                "k": 0,
              },
              "s": {
                "a": 0,
                "k": [
                  44.3551104533274,
                  44.3551104533274,
                ],
              },
              "sa": {
                "a": 0,
                "k": 0,
              },
              "sk": {
                "a": 0,
                "k": 0,
              },
            },
            "nm": "Eye1",
            "op": 48,
            "shapes": [
              {
                "bm": 0,
                "hd": false,
                "it": [
                  {
                    "bm": 0,
                    "d": 1,
                    "hd": false,
                    "nm": "Ellipse Path 6",
                    "p": {
                      "a": 0,
                      "k": [
                        0,
                        0,
                      ],
                    },
                    "s": {
                      "a": 0,
                      "k": [
                        100,
                        100,
                      ],
                    },
                    "ty": "el",
                  },
                  {
                    "bm": 0,
                    "c": {
                      "a": 0,
                      "k": [
                        1,
                        1,
                        1,
                      ],
                    },
                    "hd": false,
                    "nm": "Fill",
                    "o": {
                      "a": 0,
                      "k": 100,
                    },
                    "r": 2,
                    "ty": "fl",
                  },
                  {
                    "a": {
                      "a": 0,
                      "k": [
                        1.1368683772161603e-13,
                        0,
                      ],
                    },
                    "o": {
                      "a": 0,
                      "k": 100,
                    },
                    "p": {
                      "a": 0,
                      "k": [
                        1.1368683772161603e-13,
                        0,
                      ],
                    },
                    "r": {
                      "a": 0,
                      "k": 0,
                    },
                    "s": {
                      "a": 0,
                      "k": [
                        100,
                        100,
                      ],
                    },
                    "sa": {
                      "a": 0,
                      "k": 0,
                    },
                    "sk": {
                      "a": 0,
                      "k": 0,
                    },
                    "ty": "tr",
                  },
                ],
                "nm": "Group",
                "ty": "gr",
              },
            ],
            "sr": 1,
            "st": 0,
            "ty": 4,
          },
          {
            "ao": 0,
            "bm": 0,
            "ddd": 0,
            "hasMask": false,
            "hd": false,
            "ind": 6,
            "ip": 0,
            "ks": {
              "a": {
                "a": 0,
                "k": [
                  -27.742239623392663,
                  0.17052159581180604,
                ],
              },
              "o": {
                "a": 0,
                "k": 100,
              },
              "p": {
                "a": 1,
                "k": [
                  {
                    "i": {
                      "x": 0.833,
                      "y": 0.833,
                    },
                    "o": {
                      "x": 0.167,
                      "y": 0.167,
                    },
                    "s": [
                      205,
                      277,
                    ],
                    "t": 1,
                  },
                  {
                    "i": {
                      "x": 0.833,
                      "y": 0.833,
                    },
                    "o": {
                      "x": 0.167,
                      "y": 0.167,
                    },
                    "s": [
                      241,
                      242,
                    ],
                    "t": 8,
                  },
                  {
                    "i": {
                      "x": 0.833,
                      "y": 0.833,
                    },
                    "o": {
                      "x": 0.167,
                      "y": 0.167,
                    },
                    "s": [
                      288,
                      280,
                    ],
                    "t": 14,
                  },
                  {
                    "i": {
                      "x": 0.833,
                      "y": 0.833,
                    },
                    "o": {
                      "x": 0.167,
                      "y": 0.167,
                    },
                    "s": [
                      236,
                      319,
                    ],
                    "t": 19,
                  },
                  {
                    "i": {
                      "x": 0.833,
                      "y": 0.833,
                    },
                    "o": {
                      "x": 0.167,
                      "y": 0.167,
                    },
                    "s": [
                      205,
                      277,
                    ],
                    "t": 25,
                  },
                  {
                    "i": {
                      "x": 0.833,
                      "y": 0.833,
                    },
                    "o": {
                      "x": 0.167,
                      "y": 0.167,
                    },
                    "s": [
                      241,
                      242,
                    ],
                    "t": 32,
                  },
                  {
                    "i": {
                      "x": 0.833,
                      "y": 0.833,
                    },
                    "o": {
                      "x": 0.167,
                      "y": 0.167,
                    },
                    "s": [
                      288,
                      280,
                    ],
                    "t": 38,
                  },
                  {
                    "i": {
                      "x": 0.833,
                      "y": 0.833,
                    },
                    "o": {
                      "x": 0.167,
                      "y": 0.167,
                    },
                    "s": [
                      236,
                      319,
                    ],
                    "t": 43,
                  },
                  {
                    "s": [
                      205,
                      277,
                    ],
                    "t": 49,
                  },
                ],
              },
              "r": {
                "a": 1,
                "k": [
                  {
                    "i": {
                      "x": 0.833,
                      "y": 0.833,
                    },
                    "o": {
                      "x": 0.167,
                      "y": 0.167,
                    },
                    "s": [
                      71,
                    ],
                    "t": 1,
                  },
                  {
                    "i": {
                      "x": 0.833,
                      "y": 0.833,
                    },
                    "o": {
                      "x": 0.167,
                      "y": 0.167,
                    },
                    "s": [
                      86,
                    ],
                    "t": 8,
                  },
                  {
                    "i": {
                      "x": 0.833,
                      "y": 0.833,
                    },
                    "o": {
                      "x": 0.167,
                      "y": 0.167,
                    },
                    "s": [
                      -34,
                    ],
                    "t": 14,
                  },
                  {
                    "i": {
                      "x": 0.833,
                      "y": 0.833,
                    },
                    "o": {
                      "x": 0.167,
                      "y": 0.167,
                    },
                    "s": [
                      0,
                    ],
                    "t": 19,
                  },
                  {
                    "i": {
                      "x": 0.833,
                      "y": 0.833,
                    },
                    "o": {
                      "x": 0.167,
                      "y": 0.167,
                    },
                    "s": [
                      71,
                    ],
                    "t": 25,
                  },
                  {
                    "i": {
                      "x": 0.833,
                      "y": 0.833,
                    },
                    "o": {
                      "x": 0.167,
                      "y": 0.167,
                    },
                    "s": [
                      86,
                    ],
                    "t": 32,
                  },
                  {
                    "i": {
                      "x": 0.833,
                      "y": 0.833,
                    },
                    "o": {
                      "x": 0.167,
                      "y": 0.167,
                    },
                    "s": [
                      -34,
                    ],
                    "t": 38,
                  },
                  {
                    "i": {
                      "x": 0.833,
                      "y": 0.833,
                    },
                    "o": {
                      "x": 0.167,
                      "y": 0.167,
                    },
                    "s": [
                      0,
                    ],
                    "t": 43,
                  },
                  {
                    "s": [
                      71,
                    ],
                    "t": 49,
                  },
                ],
              },
              "s": {
                "a": 0,
                "k": [
                  60.29004052036678,
                  60.29004052036678,
                ],
              },
              "sa": {
                "a": 0,
                "k": 0,
              },
              "sk": {
                "a": 0,
                "k": 0,
              },
            },
            "nm": "Leg 1",
            "op": 48,
            "shapes": [
              {
                "bm": 0,
                "hd": false,
                "it": [
                  {
                    "bm": 0,
                    "d": 1,
                    "hd": false,
                    "nm": "Rectangle Path 3",
                    "p": {
                      "a": 0,
                      "k": [
                        0,
                        0,
                      ],
                    },
                    "r": {
                      "a": 0,
                      "k": 34.5,
                    },
                    "s": {
                      "a": 0,
                      "k": [
                        107,
                        69,
                      ],
                    },
                    "ty": "rc",
                  },
                  {
                    "bm": 0,
                    "c": {
                      "a": 0,
                      "k": [
                        0.2314,
                        0.298,
                        0.7725,
                      ],
                    },
                    "hd": false,
                    "nm": "Fill",
                    "o": {
                      "a": 0,
                      "k": 100,
                    },
                    "r": 2,
                    "ty": "fl",
                  },
                  {
                    "a": {
                      "a": 0,
                      "k": [
                        0,
                        0,
                      ],
                    },
                    "o": {
                      "a": 0,
                      "k": 100,
                    },
                    "p": {
                      "a": 0,
                      "k": [
                        0,
                        0,
                      ],
                    },
                    "r": {
                      "a": 0,
                      "k": 0,
                    },
                    "s": {
                      "a": 0,
                      "k": [
                        100,
                        100,
                      ],
                    },
                    "sa": {
                      "a": 0,
                      "k": 0,
                    },
                    "sk": {
                      "a": 0,
                      "k": 0,
                    },
                    "ty": "tr",
                  },
                ],
                "nm": "Group",
                "ty": "gr",
              },
            ],
            "sr": 1,
            "st": 0,
            "ty": 4,
          },
          {
            "ao": 0,
            "bm": 0,
            "ddd": 0,
            "hasMask": false,
            "hd": false,
            "ind": 7,
            "ip": 0,
            "ks": {
              "a": {
                "a": 0,
                "k": [
                  0,
                  0,
                ],
              },
              "o": {
                "a": 0,
                "k": 100,
              },
              "p": {
                "a": 1,
                "k": [
                  {
                    "i": {
                      "x": 1,
                      "y": 1,
                    },
                    "o": {
                      "x": 0,
                      "y": 0,
                    },
                    "s": [
                      255,
                      182,
                    ],
                    "t": 0,
                  },
                  {
                    "i": {
                      "x": 1,
                      "y": 1,
                    },
                    "o": {
                      "x": 0,
                      "y": 0,
                    },
                    "s": [
                      254,
                      217,
                    ],
                    "t": 6,
                  },
                  {
                    "i": {
                      "x": 1,
                      "y": 1,
                    },
                    "o": {
                      "x": 0,
                      "y": 0,
                    },
                    "s": [
                      255,
                      182,
                    ],
                    "t": 12,
                  },
                  {
                    "i": {
                      "x": 1,
                      "y": 1,
                    },
                    "o": {
                      "x": 0,
                      "y": 0,
                    },
                    "s": [
                      254,
                      217,
                    ],
                    "t": 18,
                  },
                  {
                    "i": {
                      "x": 1,
                      "y": 1,
                    },
                    "o": {
                      "x": 0,
                      "y": 0,
                    },
                    "s": [
                      255,
                      182,
                    ],
                    "t": 24,
                  },
                  {
                    "i": {
                      "x": 1,
                      "y": 1,
                    },
                    "o": {
                      "x": 0,
                      "y": 0,
                    },
                    "s": [
                      254,
                      217,
                    ],
                    "t": 30,
                  },
                  {
                    "i": {
                      "x": 1,
                      "y": 1,
                    },
                    "o": {
                      "x": 0,
                      "y": 0,
                    },
                    "s": [
                      255,
                      182,
                    ],
                    "t": 36,
                  },
                  {
                    "i": {
                      "x": 1,
                      "y": 1,
                    },
                    "o": {
                      "x": 0,
                      "y": 0,
                    },
                    "s": [
                      254,
                      217,
                    ],
                    "t": 42,
                  },
                  {
                    "s": [
                      255,
                      182,
                    ],
                    "t": 48,
                  },
                ],
              },
              "r": {
                "a": 0,
                "k": 0,
              },
              "s": {
                "a": 0,
                "k": [
                  162.42295322248214,
                  162.42295322248214,
                ],
              },
              "sa": {
                "a": 0,
                "k": 0,
              },
              "sk": {
                "a": 0,
                "k": 0,
              },
            },
            "nm": "Ellipse 2",
            "op": 150,
            "shapes": [
              {
                "bm": 0,
                "hd": false,
                "it": [
                  {
                    "bm": 0,
                    "d": 1,
                    "hd": false,
                    "nm": "Ellipse Path 2",
                    "p": {
                      "a": 0,
                      "k": [
                        0,
                        0,
                      ],
                    },
                    "s": {
                      "a": 0,
                      "k": [
                        100,
                        100,
                      ],
                    },
                    "ty": "el",
                  },
                  {
                    "bm": 0,
                    "c": {
                      "a": 0,
                      "k": [
                        0.3451,
                        0.5961,
                        1,
                      ],
                    },
                    "hd": false,
                    "nm": "Fill",
                    "o": {
                      "a": 0,
                      "k": 100,
                    },
                    "r": 2,
                    "ty": "fl",
                  },
                  {
                    "a": {
                      "a": 0,
                      "k": [
                        0,
                        0,
                      ],
                    },
                    "o": {
                      "a": 0,
                      "k": 100,
                    },
                    "p": {
                      "a": 0,
                      "k": [
                        0,
                        0,
                      ],
                    },
                    "r": {
                      "a": 0,
                      "k": 0,
                    },
                    "s": {
                      "a": 0,
                      "k": [
                        100,
                        100,
                      ],
                    },
                    "sa": {
                      "a": 0,
                      "k": 0,
                    },
                    "sk": {
                      "a": 0,
                      "k": 0,
                    },
                    "ty": "tr",
                  },
                ],
                "nm": "Group",
                "ty": "gr",
              },
            ],
            "sr": 1,
            "st": 0,
            "ty": 4,
          },
          {
            "ao": 0,
            "bm": 0,
            "ddd": 0,
            "hasMask": false,
            "hd": false,
            "ind": 8,
            "ip": 0,
            "ks": {
              "a": {
                "a": 0,
                "k": [
                  0,
                  0,
                ],
              },
              "o": {
                "a": 0,
                "k": 100,
              },
              "p": {
                "a": 1,
                "k": [
                  {
                    "i": {
                      "x": 1,
                      "y": 1,
                    },
                    "o": {
                      "x": 0,
                      "y": 0,
                    },
                    "s": [
                      250,
                      188,
                    ],
                    "t": 0,
                  },
                  {
                    "i": {
                      "x": 1,
                      "y": 1,
                    },
                    "o": {
                      "x": 0,
                      "y": 0,
                    },
                    "s": [
                      250,
                      226,
                    ],
                    "t": 6,
                  },
                  {
                    "i": {
                      "x": 1,
                      "y": 1,
                    },
                    "o": {
                      "x": 0,
                      "y": 0,
                    },
                    "s": [
                      250,
                      188,
                    ],
                    "t": 12,
                  },
                  {
                    "i": {
                      "x": 1,
                      "y": 1,
                    },
                    "o": {
                      "x": 0,
                      "y": 0,
                    },
                    "s": [
                      250,
                      226,
                    ],
                    "t": 18,
                  },
                  {
                    "i": {
                      "x": 1,
                      "y": 1,
                    },
                    "o": {
                      "x": 0,
                      "y": 0,
                    },
                    "s": [
                      250,
                      188,
                    ],
                    "t": 24,
                  },
                  {
                    "i": {
                      "x": 1,
                      "y": 1,
                    },
                    "o": {
                      "x": 0,
                      "y": 0,
                    },
                    "s": [
                      250,
                      226,
                    ],
                    "t": 30,
                  },
                  {
                    "i": {
                      "x": 1,
                      "y": 1,
                    },
                    "o": {
                      "x": 0,
                      "y": 0,
                    },
                    "s": [
                      250,
                      188,
                    ],
                    "t": 36,
                  },
                  {
                    "i": {
                      "x": 1,
                      "y": 1,
                    },
                    "o": {
                      "x": 0,
                      "y": 0,
                    },
                    "s": [
                      250,
                      226,
                    ],
                    "t": 42,
                  },
                  {
                    "s": [
                      250,
                      188,
                    ],
                    "t": 48,
                  },
                ],
              },
              "r": {
                "a": 0,
                "k": 0,
              },
              "s": {
                "a": 0,
                "k": [
                  183.18783865141495,
                  183.18783865141495,
                ],
              },
              "sa": {
                "a": 0,
                "k": 0,
              },
              "sk": {
                "a": 0,
                "k": 0,
              },
            },
            "nm": "Body",
            "op": 150,
            "shapes": [
              {
                "bm": 0,
                "hd": false,
                "it": [
                  {
                    "bm": 0,
                    "d": 1,
                    "hd": false,
                    "nm": "Ellipse Path 2",
                    "p": {
                      "a": 0,
                      "k": [
                        0,
                        0,
                      ],
                    },
                    "s": {
                      "a": 0,
                      "k": [
                        100,
                        100,
                      ],
                    },
                    "ty": "el",
                  },
                  {
                    "bm": 0,
                    "c": {
                      "a": 0,
                      "k": [
                        0.2275,
                        0.5255,
                        1,
                      ],
                    },
                    "hd": false,
                    "nm": "Fill",
                    "o": {
                      "a": 0,
                      "k": 100,
                    },
                    "r": 2,
                    "ty": "fl",
                  },
                  {
                    "a": {
                      "a": 0,
                      "k": [
                        0,
                        0,
                      ],
                    },
                    "o": {
                      "a": 0,
                      "k": 100,
                    },
                    "p": {
                      "a": 0,
                      "k": [
                        0,
                        0,
                      ],
                    },
                    "r": {
                      "a": 0,
                      "k": 0,
                    },
                    "s": {
                      "a": 0,
                      "k": [
                        100,
                        100,
                      ],
                    },
                    "sa": {
                      "a": 0,
                      "k": 0,
                    },
                    "sk": {
                      "a": 0,
                      "k": 0,
                    },
                    "ty": "tr",
                  },
                ],
                "nm": "Group",
                "ty": "gr",
              },
            ],
            "sr": 1,
            "st": 0,
            "ty": 4,
          },
          {
            "ao": 0,
            "bm": 0,
            "ddd": 0,
            "hasMask": false,
            "hd": false,
            "ind": 9,
            "ip": 0,
            "ks": {
              "a": {
                "a": 0,
                "k": [
                  -27.742239623392663,
                  0.17052159581180604,
                ],
              },
              "o": {
                "a": 0,
                "k": 100,
              },
              "p": {
                "a": 1,
                "k": [
                  {
                    "i": {
                      "x": 0.833,
                      "y": 0.833,
                    },
                    "o": {
                      "x": 0.167,
                      "y": 0.167,
                    },
                    "s": [
                      205,
                      277,
                    ],
                    "t": -13,
                  },
                  {
                    "i": {
                      "x": 0.833,
                      "y": 0.833,
                    },
                    "o": {
                      "x": 0.167,
                      "y": 0.167,
                    },
                    "s": [
                      241,
                      242,
                    ],
                    "t": -6,
                  },
                  {
                    "i": {
                      "x": 0.833,
                      "y": 0.833,
                    },
                    "o": {
                      "x": 0.167,
                      "y": 0.167,
                    },
                    "s": [
                      288,
                      280,
                    ],
                    "t": 0,
                  },
                  {
                    "i": {
                      "x": 0.833,
                      "y": 0.833,
                    },
                    "o": {
                      "x": 0.167,
                      "y": 0.167,
                    },
                    "s": [
                      236,
                      319,
                    ],
                    "t": 5,
                  },
                  {
                    "i": {
                      "x": 0.833,
                      "y": 0.833,
                    },
                    "o": {
                      "x": 0.167,
                      "y": 0.167,
                    },
                    "s": [
                      205,
                      277,
                    ],
                    "t": 11,
                  },
                  {
                    "i": {
                      "x": 0.833,
                      "y": 0.833,
                    },
                    "o": {
                      "x": 0.167,
                      "y": 0.167,
                    },
                    "s": [
                      241,
                      242,
                    ],
                    "t": 18,
                  },
                  {
                    "i": {
                      "x": 0.833,
                      "y": 0.833,
                    },
                    "o": {
                      "x": 0.167,
                      "y": 0.167,
                    },
                    "s": [
                      288,
                      280,
                    ],
                    "t": 24,
                  },
                  {
                    "i": {
                      "x": 0.833,
                      "y": 0.833,
                    },
                    "o": {
                      "x": 0.167,
                      "y": 0.167,
                    },
                    "s": [
                      236,
                      319,
                    ],
                    "t": 29,
                  },
                  {
                    "i": {
                      "x": 0.833,
                      "y": 0.833,
                    },
                    "o": {
                      "x": 0.167,
                      "y": 0.167,
                    },
                    "s": [
                      205,
                      277,
                    ],
                    "t": 35,
                  },
                  {
                    "i": {
                      "x": 0.833,
                      "y": 0.833,
                    },
                    "o": {
                      "x": 0.167,
                      "y": 0.167,
                    },
                    "s": [
                      241,
                      242,
                    ],
                    "t": 42,
                  },
                  {
                    "i": {
                      "x": 0.833,
                      "y": 0.833,
                    },
                    "o": {
                      "x": 0.167,
                      "y": 0.167,
                    },
                    "s": [
                      288,
                      280,
                    ],
                    "t": 48,
                  },
                  {
                    "i": {
                      "x": 0.833,
                      "y": 0.833,
                    },
                    "o": {
                      "x": 0.167,
                      "y": 0.167,
                    },
                    "s": [
                      236,
                      319,
                    ],
                    "t": 53,
                  },
                  {
                    "i": {
                      "x": 0.833,
                      "y": 0.833,
                    },
                    "o": {
                      "x": 0.167,
                      "y": 0.167,
                    },
                    "s": [
                      205,
                      277,
                    ],
                    "t": 59,
                  },
                  {
                    "s": [
                      241,
                      242,
                    ],
                    "t": 66,
                  },
                ],
              },
              "r": {
                "a": 1,
                "k": [
                  {
                    "i": {
                      "x": 0.833,
                      "y": 0.833,
                    },
                    "o": {
                      "x": 0.167,
                      "y": 0.167,
                    },
                    "s": [
                      71,
                    ],
                    "t": -13,
                  },
                  {
                    "i": {
                      "x": 0.833,
                      "y": 0.833,
                    },
                    "o": {
                      "x": 0.167,
                      "y": 0.167,
                    },
                    "s": [
                      86,
                    ],
                    "t": -6,
                  },
                  {
                    "i": {
                      "x": 0.833,
                      "y": 0.833,
                    },
                    "o": {
                      "x": 0.167,
                      "y": 0.167,
                    },
                    "s": [
                      -34,
                    ],
                    "t": 0,
                  },
                  {
                    "i": {
                      "x": 0.833,
                      "y": 0.833,
                    },
                    "o": {
                      "x": 0.167,
                      "y": 0.167,
                    },
                    "s": [
                      0,
                    ],
                    "t": 5,
                  },
                  {
                    "i": {
                      "x": 0.833,
                      "y": 0.833,
                    },
                    "o": {
                      "x": 0.167,
                      "y": 0.167,
                    },
                    "s": [
                      71,
                    ],
                    "t": 11,
                  },
                  {
                    "i": {
                      "x": 0.833,
                      "y": 0.833,
                    },
                    "o": {
                      "x": 0.167,
                      "y": 0.167,
                    },
                    "s": [
                      86,
                    ],
                    "t": 18,
                  },
                  {
                    "i": {
                      "x": 0.833,
                      "y": 0.833,
                    },
                    "o": {
                      "x": 0.167,
                      "y": 0.167,
                    },
                    "s": [
                      -34,
                    ],
                    "t": 24,
                  },
                  {
                    "i": {
                      "x": 0.833,
                      "y": 0.833,
                    },
                    "o": {
                      "x": 0.167,
                      "y": 0.167,
                    },
                    "s": [
                      0,
                    ],
                    "t": 29,
                  },
                  {
                    "i": {
                      "x": 0.833,
                      "y": 0.833,
                    },
                    "o": {
                      "x": 0.167,
                      "y": 0.167,
                    },
                    "s": [
                      71,
                    ],
                    "t": 35,
                  },
                  {
                    "i": {
                      "x": 0.833,
                      "y": 0.833,
                    },
                    "o": {
                      "x": 0.167,
                      "y": 0.167,
                    },
                    "s": [
                      86,
                    ],
                    "t": 42,
                  },
                  {
                    "i": {
                      "x": 0.833,
                      "y": 0.833,
                    },
                    "o": {
                      "x": 0.167,
                      "y": 0.167,
                    },
                    "s": [
                      -34,
                    ],
                    "t": 48,
                  },
                  {
                    "i": {
                      "x": 0.833,
                      "y": 0.833,
                    },
                    "o": {
                      "x": 0.167,
                      "y": 0.167,
                    },
                    "s": [
                      0,
                    ],
                    "t": 53,
                  },
                  {
                    "i": {
                      "x": 0.833,
                      "y": 0.833,
                    },
                    "o": {
                      "x": 0.167,
                      "y": 0.167,
                    },
                    "s": [
                      71,
                    ],
                    "t": 59,
                  },
                  {
                    "s": [
                      86,
                    ],
                    "t": 66,
                  },
                ],
              },
              "s": {
                "a": 0,
                "k": [
                  60.29004052036678,
                  60.29004052036678,
                ],
              },
              "sa": {
                "a": 0,
                "k": 0,
              },
              "sk": {
                "a": 0,
                "k": 0,
              },
            },
            "nm": "Leg 2",
            "op": 63,
            "shapes": [
              {
                "bm": 0,
                "hd": false,
                "it": [
                  {
                    "bm": 0,
                    "d": 1,
                    "hd": false,
                    "nm": "Rectangle Path 3",
                    "p": {
                      "a": 0,
                      "k": [
                        0,
                        0,
                      ],
                    },
                    "r": {
                      "a": 0,
                      "k": 34.5,
                    },
                    "s": {
                      "a": 0,
                      "k": [
                        107,
                        69,
                      ],
                    },
                    "ty": "rc",
                  },
                  {
                    "bm": 0,
                    "c": {
                      "a": 0,
                      "k": [
                        0.2314,
                        0.298,
                        0.7725,
                      ],
                    },
                    "hd": false,
                    "nm": "Fill",
                    "o": {
                      "a": 0,
                      "k": 100,
                    },
                    "r": 2,
                    "ty": "fl",
                  },
                  {
                    "a": {
                      "a": 0,
                      "k": [
                        0,
                        0,
                      ],
                    },
                    "o": {
                      "a": 0,
                      "k": 100,
                    },
                    "p": {
                      "a": 0,
                      "k": [
                        0,
                        0,
                      ],
                    },
                    "r": {
                      "a": 0,
                      "k": 0,
                    },
                    "s": {
                      "a": 0,
                      "k": [
                        100,
                        100,
                      ],
                    },
                    "sa": {
                      "a": 0,
                      "k": 0,
                    },
                    "sk": {
                      "a": 0,
                      "k": 0,
                    },
                    "ty": "tr",
                  },
                ],
                "nm": "Group",
                "ty": "gr",
              },
            ],
            "sr": 1,
            "st": 0,
            "ty": 4,
          },
          {
            "ao": 0,
            "bm": 0,
            "ddd": 0,
            "hasMask": false,
            "hd": false,
            "ind": 10,
            "ip": 0,
            "ks": {
              "a": {
                "a": 0,
                "k": [
                  0,
                  0,
                ],
              },
              "o": {
                "a": 0,
                "k": 100,
              },
              "p": {
                "a": 0,
                "k": [
                  250,
                  334,
                ],
              },
              "r": {
                "a": 0,
                "k": 0,
              },
              "s": {
                "a": 1,
                "k": [
                  {
                    "i": {
                      "x": 0.833,
                      "y": 0.833,
                    },
                    "o": {
                      "x": 0.167,
                      "y": 0.167,
                    },
                    "s": [
                      141.55124653739614,
                      42.292490118577085,
                    ],
                    "t": 0,
                  },
                  {
                    "i": {
                      "x": 0.833,
                      "y": 0.833,
                    },
                    "o": {
                      "x": 0.167,
                      "y": 0.167,
                    },
                    "s": [
                      91,
                      27.13,
                    ],
                    "t": 6,
                  },
                  {
                    "i": {
                      "x": 0.833,
                      "y": 0.833,
                    },
                    "o": {
                      "x": 0.167,
                      "y": 0.167,
                    },
                    "s": [
                      141.55124653739614,
                      42.292490118577085,
                    ],
                    "t": 12,
                  },
                  {
                    "i": {
                      "x": 0.833,
                      "y": 0.833,
                    },
                    "o": {
                      "x": 0.167,
                      "y": 0.167,
                    },
                    "s": [
                      91,
                      27.13,
                    ],
                    "t": 18,
                  },
                  {
                    "i": {
                      "x": 0.833,
                      "y": 0.833,
                    },
                    "o": {
                      "x": 0.167,
                      "y": 0.167,
                    },
                    "s": [
                      141.55124653739614,
                      42.292490118577085,
                    ],
                    "t": 24,
                  },
                  {
                    "i": {
                      "x": 0.833,
                      "y": 0.833,
                    },
                    "o": {
                      "x": 0.167,
                      "y": 0.167,
                    },
                    "s": [
                      91,
                      27.13,
                    ],
                    "t": 30,
                  },
                  {
                    "i": {
                      "x": 0.833,
                      "y": 0.833,
                    },
                    "o": {
                      "x": 0.167,
                      "y": 0.167,
                    },
                    "s": [
                      141.55124653739614,
                      42.292490118577085,
                    ],
                    "t": 36,
                  },
                  {
                    "i": {
                      "x": 0.833,
                      "y": 0.833,
                    },
                    "o": {
                      "x": 0.167,
                      "y": 0.167,
                    },
                    "s": [
                      91,
                      27.13,
                    ],
                    "t": 42,
                  },
                  {
                    "s": [
                      141.55124653739614,
                      42.292490118577085,
                    ],
                    "t": 48,
                  },
                ],
              },
              "sa": {
                "a": 0,
                "k": 0,
              },
              "sk": {
                "a": 0,
                "k": 0,
              },
            },
            "nm": "Shadow",
            "op": 48,
            "shapes": [
              {
                "bm": 0,
                "hd": false,
                "it": [
                  {
                    "bm": 0,
                    "d": 1,
                    "hd": false,
                    "nm": "Ellipse Path 10",
                    "p": {
                      "a": 0,
                      "k": [
                        0,
                        0,
                      ],
                    },
                    "s": {
                      "a": 0,
                      "k": [
                        100,
                        100,
                      ],
                    },
                    "ty": "el",
                  },
                  {
                    "bm": 0,
                    "c": {
                      "a": 0,
                      "k": [
                        0.6902,
                        0.6902,
                        0.6902,
                      ],
                    },
                    "hd": false,
                    "nm": "Fill",
                    "o": {
                      "a": 0,
                      "k": 100,
                    },
                    "r": 2,
                    "ty": "fl",
                  },
                  {
                    "a": {
                      "a": 0,
                      "k": [
                        0,
                        0,
                      ],
                    },
                    "o": {
                      "a": 0,
                      "k": 100,
                    },
                    "p": {
                      "a": 0,
                      "k": [
                        0,
                        0,
                      ],
                    },
                    "r": {
                      "a": 0,
                      "k": 0,
                    },
                    "s": {
                      "a": 0,
                      "k": [
                        100,
                        100,
                      ],
                    },
                    "sa": {
                      "a": 0,
                      "k": 0,
                    },
                    "sk": {
                      "a": 0,
                      "k": 0,
                    },
                    "ty": "tr",
                  },
                ],
                "nm": "Group",
                "ty": "gr",
              },
            ],
            "sr": 1,
            "st": 0,
            "ty": 4,
          },
        ],
        "meta": {
          "g": "@lottiefiles/creator 1.6.0",
        },
        "nm": "Untitled file",
        "op": 48,
        "v": "5.7.0",
        "w": 500,
      }
    }
    style={
      {
        "height": 200,
        "width": 200,
      }
    }
  />
  <Text
    style={
      [
        {
          "color": "#6B7280",
          "fontSize": 16,
          "fontWeight": "500",
          "marginTop": 10,
          "paddingHorizontal": 20,
          "textAlign": "center",
        },
        {
          "color": "#1F2937",
          "opacity": 0.7,
        },
      ]
    }
  >
    chat.noChats
  </Text>
</View>
`;
