// Jest Snapshot v1, https://goo.gl/fbAQLP

exports[`Chat screen renders 1`] = `
<View
  style={
    [
      {
        "flex": 1,
      },
      {
        "backgroundColor": "#FFFFFF",
      },
    ]
  }
>
  <View
    style={
      [
        {
          "borderBottomWidth": 1,
          "padding": 10,
        },
        {
          "backgroundColor": "#FFFFFF",
          "borderBottomColor": "#11111122",
        },
      ]
    }
  >
    <TextInput
      onChangeText={[Function]}
      placeholder="chat.typeMessage"
      placeholderTextColor="#9CA3AF"
      style={
        [
          {
            "borderRadius": 12,
            "fontSize": 16,
            "height": 40,
            "paddingHorizontal": 12,
          },
          {
            "backgroundColor": "#F3F4F6",
            "color": "#111111",
          },
        ]
      }
      value=""
    />
  </View>
  <ActivityIndicator
    color="#4F46E5"
    size="large"
    style={
      {
        "flex": 1,
      }
    }
  />
</View>
`;
